
> disaster-sound-manager@0.1.0 build
> next build

  笆ｲ Next.js 14.2.20

   Creating an optimized production build ...
node.exe : Failed to c
ompile.
発生場所 行:1 文字:1
+ & "C:\Program Files\
nodejs/node.exe" "C:\U
sers\ataru\AppData\Roa
ming\ ...
+ ~~~~~~~~~~~~~~~~~~~~
~~~~~~~~~~~~~~~~~~~~~~
~~~~~~~~~~~~~~~~~~~~~~
~~~~~
    + CategoryInfo    
          : NotSpeci  
  fied: (Failed to    
 compile.:String)     
[], RemoteExcepti    o
n
    + FullyQualifiedE 
   rrorId : NativeCo  
  mmandError
 

app\layout.tsx
An error occurred in `
next/font`.

Error: Cannot find mod
ule 'autoprefixer'
Require stack:
- C:\Users\ataru\Docum
ents\DisasterSoundMana
ger\node_modules\next\
dist\build\webpack\con
fig\blocks\css\plugins
.js
- C:\Users\ataru\Docum
ents\DisasterSoundMana
ger\node_modules\next\
dist\build\webpack\con
fig\blocks\css\index.j
s
- C:\Users\ataru\Docum
ents\DisasterSoundMana
ger\node_modules\next\
dist\build\webpack\con
fig\index.js
- C:\Users\ataru\Docum
ents\DisasterSoundMana
ger\node_modules\next\
dist\build\webpack-con
fig.js
- C:\Users\ataru\Docum
ents\DisasterSoundMana
ger\node_modules\next\
dist\build\webpack-bui
ld\impl.js
- C:\Users\ataru\Docum
ents\DisasterSoundMana
ger\node_modules\next\
dist\compiled\jest-wor
ker\processChild.js
    at Module.<anonymo
us> (node:internal/mod
ules/cjs/loader:1420:1
5)
    at C:\Users\ataru\
Documents\DisasterSoun
dManager\node_modules\
next\dist\server\requi
re-hook.js:55:36
    at require.resolve
 (node:internal/module
s/helpers:163:19)
    at loadPlugin (C:\
Users\ataru\Documents\
DisasterSoundManager\n
ode_modules\next\dist\
build\webpack\config\b
locks\css\plugins.js:4
9:32)
    at C:\Users\ataru\
Documents\DisasterSoun
dManager\node_modules\
next\dist\build\webpac
k\config\blocks\css\pl
ugins.js:157:56
    at Array.map (<ano
nymous>)
    at getPostCssPlugi
ns (C:\Users\ataru\Doc
uments\DisasterSoundMa
nager\node_modules\nex
t\dist\build\webpack\c
onfig\blocks\css\plugi
ns.js:157:47)
    at async C:\Users\
ataru\Documents\Disast
erSoundManager\node_mo
dules\next\dist\build\
webpack\config\blocks\
css\index.js:124:36
    at async C:\Users\
ataru\Documents\Disast
erSoundManager\node_mo
dules\next\dist\build\
webpack\loaders\next-f
ont-loader\index.js:86
:33
    at async Span.trac
eAsyncFn (C:\Users\ata
ru\Documents\DisasterS
oundManager\node_modul
es\next\dist\trace\tra
ce.js:154:20)

./app/dashboard/layout
.tsx
Module not found: Can'
t resolve '@/component
s/ui/sheet'

https://nextjs.org/doc
s/messages/module-not-
found

./components/Feed.tsx
Module not found: Can'
t resolve 'date-fns'

https://nextjs.org/doc
s/messages/module-not-
found

Import trace for reque
sted module:
./app/dashboard/page.t
sx

./components/Feed.tsx
Module not found: Can'
t resolve 'date-fns/lo
cale'

https://nextjs.org/doc
s/messages/module-not-
found

Import trace for reque
sted module:
./app/dashboard/page.t
sx

./components/ui/badge.
tsx
Module not found: Can'
t resolve 'class-varia
nce-authority'

https://nextjs.org/doc
s/messages/module-not-
found

Import trace for reque
sted module:
./components/Map.tsx
./app/dashboard/page.t
sx


> Build failed because
 of webpack errors
